devtype deamon_text w1t1024,w1t1024 {
cmd 0
res 1
}

devtype modeswitcher w1i1 {
mode 0
}

devtype beam_dcct w1d1,w1d1,w1d1,w1d1,w1d1,w1d1,w1i1,w1d1,w1i1 {
beamcurrent 0
storagerate 1
lifetime 2
beamcharge 3
beamN 4
adczero 5
storage_fitlength 6
u2i 7
life_fitlength 8
}

devtype k500ctl w1i1,w1i1,w1t1024,w1t4 {
mode 0
ready 1
msg 2
modet 3
}

devtype ddm w1d1,w1i1,w1d1,w1i1,w1i1,w1i1,w1b1,w1i1,w1i1,w1i1,w1i1,w1t1000,w1d1,w1d1,w1i1,w1i1,w1i1,w1i1,w1b1,w1b1,w1i1,w1b1,w1b1 {
extbeamcurrent 0
linrunmode 1
lowbeamcurrent 2
nshots 3
modedelay 4
particles 5
icrunmode 6
eshots 7
clockSrc 8
pshots 9
state 10
stateMsg 11
extracted 12
injected 13
preparing2inject 14
injecting 15
preparing2extract 16
extracting 17
autorun 18
extract 19
linrun 20
stop 21
nround 22
}

devtype vepp2k_info w1i1,w1i1,w1d1,w1d1,w1d1 {
state 0
mode 1
Iele 2
Ipos 3
Ebeam 4
}

devtype pwa w1d1,w1d1,w1d1,w1d1,w1d1,w1d1,w1d1,w1d1,w1d1,w1d1,w1d1,w1d1,w1d1,w1d1,w1d1,w1d1,w1d1,w1d1 {
Pr1 0
Pr2 1
Pr3 2
Iph1 3
Iph2 4
Iph3 5
Uph1 6
Uph3 7
Uph2 8
Pa1 9
Pa2 10
Pa3 11
PaFull 12
PrFull 13
PFull 14
cos_fi 15
Etoday 16
Elastday 17
}

devtype DissectorProc w1d65535,w1d65535,w1d1,w1d1,w1d65535,w1d1 {
resample_data 0
fit_data 1
fit_sigma 2
fit_t0 3
time_fit_data 4
fit_a 5
}

devtype bep_info w1i1,w1t10,w1i1,w1t20,w1t1024,w1d1,w1d1,w1d1 {
polarity 0
polarityt 1
mode 2
modet 3
msg 4
Ibeam 5
busy 6
offline 7
}

devtype BeamUser w1t2048,w1t2048 {
request 0
answer 1
}

devtype controls_info w1d1,w1t1024,w1t1024 {
Emag 0
crew_cheaf 1
agenda 2
}

devtype sounddt w1t100 {
filename 0
}

dev ddm ddm/noop ~ -
dev dcct beam_dcct/noop ~ -
dev modeswitcher modeswitcher/noop ~ -
dev modectl deamon_text/noop ~ -
dev info controls_info/noop ~ -
dev sounddev sounddt/noop ~ -
dev pwa1 pwa/noop ~ -
dev e_diss DissectorProc/noop ~ -
dev k500 k500ctl/noop ~ -
dev bep bep_info/noop ~ -
dev vepp2k_info vepp2k_info/noop ~ -
dev vepp4 BeamUser/noop ~ -
dev vepp2k BeamUser/noop ~ -
